#-----------------------------------------------------------
# Vivado v2021.1 (64-bit)
# SW Build 3247384 on Thu Jun 10 19:36:33 MDT 2021
# IP Build 3246043 on Fri Jun 11 00:30:35 MDT 2021
# Start of session at: Wed Dec 22 10:09:54 2021
# Process ID: 16972
# Current directory: C:/Users/jacob/Documents/GitHub/SED-Trabajo-VHDL/Prueba2 Trabajo/Prueba2 Trabajo
# Command line: vivado.exe -gui_launcher_event rodinguilauncherevent9780 C:\Users\jacob\Documents\GitHub\SED-Trabajo-VHDL\Prueba2 Trabajo\Prueba2 Trabajo\Prueba2 Trabajo.xpr
# Log file: C:/Users/jacob/Documents/GitHub/SED-Trabajo-VHDL/Prueba2 Trabajo/Prueba2 Trabajo/vivado.log
# Journal file: C:/Users/jacob/Documents/GitHub/SED-Trabajo-VHDL/Prueba2 Trabajo/Prueba2 Trabajo\vivado.jou
#-----------------------------------------------------------
start_gui
open_project {C:/Users/jacob/Documents/GitHub/SED-Trabajo-VHDL/Prueba2 Trabajo/Prueba2 Trabajo/Prueba2 Trabajo.xpr}
file mkdir C:/Users/jacob/Documents/GitHub/SED-Trabajo-VHDL/Prueba2 Trabajo/Prueba2 Trabajo/Prueba2 Trabajo.srcs/sources_1/new
file mkdir C:/Users/jacob/Documents/GitHub/SED-Trabajo-VHDL/Prueba2 Trabajo/Prueba2 Trabajo/Prueba2 Trabajo.srcs/sources_1/new
file mkdir C:/Users/jacob/Documents/GitHub/SED-Trabajo-VHDL/Prueba2 Trabajo/Prueba2 Trabajo/Prueba2 Trabajo.srcs/sources_1/new
file mkdir C:/Users/jacob/Documents/GitHub/SED-Trabajo-VHDL/Prueba2 Trabajo/Prueba2 Trabajo/Prueba2 Trabajo.srcs/sources_1/new
file mkdir C:/Users/jacob/Documents/GitHub/SED-Trabajo-VHDL/Prueba2 Trabajo/Prueba2 Trabajo/Prueba2 Trabajo.srcs/sources_1/new
file mkdir C:/Users/jacob/Documents/GitHub/SED-Trabajo-VHDL/Prueba2 Trabajo/Prueba2 Trabajo/Prueba2 Trabajo.srcs/sources_1/new
file mkdir {C:/Users/jacob/Documents/GitHub/SED-Trabajo-VHDL/Prueba2 Trabajo/Prueba2 Trabajo/Prueba2 Trabajo.srcs/sources_1/new}
close [ open {C:/Users/jacob/Documents/GitHub/SED-Trabajo-VHDL/Prueba2 Trabajo/Prueba2 Trabajo/Prueba2 Trabajo.srcs/sources_1/new/Display.vhd} w ]
add_files {{C:/Users/jacob/Documents/GitHub/SED-Trabajo-VHDL/Prueba2 Trabajo/Prueba2 Trabajo/Prueba2 Trabajo.srcs/sources_1/new/Display.vhd}}
update_compile_order -fileset sources_1
export_ip_user_files -of_objects  [get_files {{C:/Users/jacob/Documents/GitHub/SED-Trabajo-VHDL/Prueba2 Trabajo/Prueba2 Trabajo/Prueba2 Trabajo.srcs/sim_1/new/Inicial.vhd}}] -no_script -reset -force -quiet
remove_files  -fileset sim_1 {{C:/Users/jacob/Documents/GitHub/SED-Trabajo-VHDL/Prueba2 Trabajo/Prueba2 Trabajo/Prueba2 Trabajo.srcs/sim_1/new/Inicial.vhd}}
file delete -force {C:/Users/jacob/Documents/GitHub/SED-Trabajo-VHDL/Prueba2 Trabajo/Prueba2 Trabajo/Prueba2 Trabajo.srcs/sim_1/new/Inicial.vhd}
update_compile_order -fileset sources_1
update_compile_order -fileset sources_1
