#-----------------------------------------------------------
# Vivado v2021.1 (64-bit)
# SW Build 3247384 on Thu Jun 10 19:36:33 MDT 2021
# IP Build 3246043 on Fri Jun 11 00:30:35 MDT 2021
# Start of session at: Sun Jan 16 21:09:50 2022
# Process ID: 9476
# Current directory: C:/Users/jacob/Documents/GitHub/SED-Trabajo-VHDL/ASCENSOR_02
# Command line: vivado.exe -gui_launcher_event rodinguilauncherevent2984 C:\Users\jacob\Documents\GitHub\SED-Trabajo-VHDL\ASCENSOR_02\ASCENSOR_02.xpr
# Log file: C:/Users/jacob/Documents/GitHub/SED-Trabajo-VHDL/ASCENSOR_02/vivado.log
# Journal file: C:/Users/jacob/Documents/GitHub/SED-Trabajo-VHDL/ASCENSOR_02\vivado.jou
#-----------------------------------------------------------
start_gui
open_project C:/Users/jacob/Documents/GitHub/SED-Trabajo-VHDL/ASCENSOR_02/ASCENSOR_02.xpr
update_compile_order -fileset sources_1
reset_run synth_1
launch_runs impl_1 -to_step write_bitstream -jobs 12
wait_on_run impl_1
reset_run synth_1
launch_runs impl_1 -jobs 12
wait_on_run impl_1
reset_run synth_1
launch_runs impl_1 -jobs 12
wait_on_run impl_1
reset_run synth_1
launch_runs synth_1 -jobs 12
wait_on_run synth_1
reset_run synth_1
launch_runs impl_1 -jobs 12
wait_on_run impl_1
